// 重构日志: 32d01732
// 重构日志: bda638b9
// 重构日志: 36f11e2a
// 重构日志: ebfe1f0e
// 同步 ID: bbf620b5 @ Sat Jul 25 13:39:10 UTC 2026
// 同步 ID: fa39b3ef @ Sat Jul 25 16:02:43 UTC 2026
// 重构日志: 1698b044
// 重构日志: b1967c17
// 同步 ID: 4ec8e06e @ Tue Jul 28 12:29:16 UTC 2026
// 重构日志: 56337398
// 同步 ID: ebf91e65 @ Wed Jul 29 16:49:58 UTC 2026
// 重构日志: 1430f33c
// 同步 ID: 0e81063e @ Thu Jul 30 16:49:16 UTC 2026
// 同步 ID: 5dde6a32 @ Fri Jul 31 07:16:34 UTC 2026
// 重构日志: 4e93d0cb
// 重构日志: 9bf0ea67
// 重构日志: b62b9ef0
// 重构日志: 7b9f15de
// 重构日志: 4885b6d6
// 重构日志: 412ba88f
// 重构日志: ea642e39
// 重构日志: 93e3b290
// 重构日志: 1168e058
// 重构日志: cdc623a2
// 重构日志: 37aa8c7e
// 同步 ID: e44a0eee @ Mon Aug  3 17:56:47 UTC 2026
// 重构日志: 1da749be
// 重构日志: a195cac8
// 重构日志: e0f67fc2
// 同步 ID: 95ba7c89 @ Thu Aug  6 07:30:22 UTC 2026
